[2026-05-12 09:09:28] local.WARNING: MyFatoorah API HTTP error {"path":"/v2/SendPayment","status":400,"body":"{\"IsSuccess\":false,\"Message\":\"Invalid data\",\"ValidationErrors\":[{\"Name\":\"request.CustomerMobile\",\"Error\":\"The field CustomerMobile must be a string with a maximum length of 11.\"}],\"Data\":null}"} 
[2026-05-12 09:17:10] local.WARNING: MyFatoorah API HTTP error {"path":"/v2/SendPayment","status":400,"body":"{\"IsSuccess\":false,\"Message\":\"Invalid data\",\"ValidationErrors\":[{\"Name\":\"request.CustomerMobile\",\"Error\":\"The field CustomerMobile must be a string with a maximum length of 11.\"}],\"Data\":null}"} 
[2026-05-12 09:17:10] local.WARNING: MyFatoorah SendPayment failed {"customer_id":4,"detail":null} 
[2026-05-12 09:17:16] local.WARNING: MyFatoorah API HTTP error {"path":"/v2/SendPayment","status":400,"body":"{\"IsSuccess\":false,\"Message\":\"Invalid data\",\"ValidationErrors\":[{\"Name\":\"request.CustomerMobile\",\"Error\":\"The field CustomerMobile must be a string with a maximum length of 11.\"}],\"Data\":null}"} 
[2026-05-12 09:17:16] local.WARNING: MyFatoorah SendPayment failed {"customer_id":5,"detail":null} 
[2026-05-12 09:18:14] local.ERROR: Unresolvable dependency resolving [Parameter #0 [ <required> string $baseUrl ]] in class App\Services\MyFatoorahClient {"exception":"[object] (Illuminate\\Contracts\\Container\\BindingResolutionException(code: 0): Unresolvable dependency resolving [Parameter #0 [ <required> string $baseUrl ]] in class App\\Services\\MyFatoorahClient at C:/xampp/htdocs/Sultan-Jewelryy/vendor/laravel/framework/src/Illuminate/Container/Container.php:1425)
[stacktrace]
#0 C:/xampp/htdocs/Sultan-Jewelryy/vendor/laravel/framework/src/Illuminate/Container/Container.php(1310): Illuminate/Container/Container->unresolvablePrimitive(Object(ReflectionParameter))
#1 C:/xampp/htdocs/Sultan-Jewelryy/vendor/laravel/framework/src/Illuminate/Container/Container.php(1236): Illuminate/Container/Container->resolvePrimitive(Object(ReflectionParameter))
#2 C:/xampp/htdocs/Sultan-Jewelryy/vendor/laravel/framework/src/Illuminate/Container/Container.php(1162): Illuminate/Container/Container->resolveDependencies(Array)
#3 C:/xampp/htdocs/Sultan-Jewelryy/vendor/laravel/framework/src/Illuminate/Container/Container.php(933): Illuminate/Container/Container->build('App//Services//My...')
#4 C:/xampp/htdocs/Sultan-Jewelryy/vendor/laravel/framework/src/Illuminate/Foundation/Application.php(1078): Illuminate/Container/Container->resolve('App//Services//My...', Array, true)
#5 C:/xampp/htdocs/Sultan-Jewelryy/vendor/laravel/framework/src/Illuminate/Container/Container.php(864): Illuminate/Foundation/Application->resolve('App//Services//My...', Array)
#6 C:/xampp/htdocs/Sultan-Jewelryy/vendor/laravel/framework/src/Illuminate/Foundation/Application.php(1058): Illuminate/Container/Container->make('App//Services//My...', Array)
#7 C:/xampp/htdocs/Sultan-Jewelryy/vendor/laravel/framework/src/Illuminate/Routing/ResolvesRouteDependencies.php(92): Illuminate/Foundation/Application->make('App//Services//My...')
#8 C:/xampp/htdocs/Sultan-Jewelryy/vendor/laravel/framework/src/Illuminate/Routing/ResolvesRouteDependencies.php(51): Illuminate/Routing/ControllerDispatcher->transformDependency(Object(ReflectionParameter), Array, Object(stdClass))
#9 C:/xampp/htdocs/Sultan-Jewelryy/vendor/laravel/framework/src/Illuminate/Routing/ResolvesRouteDependencies.php(30): Illuminate/Routing/ControllerDispatcher->resolveMethodDependencies(Array, Object(ReflectionMethod))
#10 C:/xampp/htdocs/Sultan-Jewelryy/vendor/laravel/framework/src/Illuminate/Routing/ControllerDispatcher.php(59): Illuminate/Routing/ControllerDispatcher->resolveClassMethodDependencies(Array, Object(App/Http/Controllers/PaymentCallbackController), 'error')
#11 C:/xampp/htdocs/Sultan-Jewelryy/vendor/laravel/framework/src/Illuminate/Routing/ControllerDispatcher.php(40): Illuminate/Routing/ControllerDispatcher->resolveParameters(Object(Illuminate/Routing/Route), Object(App/Http/Controllers/PaymentCallbackController), 'error')
#12 C:/xampp/htdocs/Sultan-Jewelryy/vendor/laravel/framework/src/Illuminate/Routing/Route.php(265): Illuminate/Routing/ControllerDispatcher->dispatch(Object(Illuminate/Routing/Route), Object(App/Http/Controllers/PaymentCallbackController), 'error')
#13 C:/xampp/htdocs/Sultan-Jewelryy/vendor/laravel/framework/src/Illuminate/Routing/Route.php(211): Illuminate/Routing/Route->runController()
#14 C:/xampp/htdocs/Sultan-Jewelryy/vendor/laravel/framework/src/Illuminate/Routing/Router.php(822): Illuminate/Routing/Route->run()
#15 C:/xampp/htdocs/Sultan-Jewelryy/vendor/laravel/framework/src/Illuminate/Pipeline/Pipeline.php(180): Illuminate/Routing/Router->Illuminate/Routing/{closure}(Object(Illuminate/Http/Request))
#16 C:/xampp/htdocs/Sultan-Jewelryy/vendor/laravel/framework/src/Illuminate/Routing/Middleware/SubstituteBindings.php(50): Illuminate/Pipeline/Pipeline->Illuminate/Pipeline/{closure}(Object(Illuminate/Http/Request))
#17 C:/xampp/htdocs/Sultan-Jewelryy/vendor/laravel/framework/src/Illuminate/Pipeline/Pipeline.php(219): Illuminate/Routing/Middleware/SubstituteBindings->handle(Object(Illuminate/Http/Request), Object(Closure))
#18 C:/xampp/htdocs/Sultan-Jewelryy/vendor/laravel/framework/src/Illuminate/Foundation/Http/Middleware/VerifyCsrfToken.php(87): Illuminate/Pipeline/Pipeline->Illuminate/Pipeline/{closure}(Object(Illuminate/Http/Request))
#19 C:/xampp/htdocs/Sultan-Jewelryy/vendor/laravel/framework/src/Illuminate/Pipeline/Pipeline.php(219): Illuminate/Foundation/Http/Middleware/VerifyCsrfToken->handle(Object(Illuminate/Http/Request), Object(Closure))
#20 C:/xampp/htdocs/Sultan-Jewelryy/vendor/laravel/framework/src/Illuminate/View/Middleware/ShareErrorsFromSession.php(48): Illuminate/Pipeline/Pipeline->Illuminate/Pipeline/{closure}(Object(Illuminate/Http/Request))
#21 C:/xampp/htdocs/Sultan-Jewelryy/vendor/laravel/framework/src/Illuminate/Pipeline/Pipeline.php(219): Illuminate/View/Middleware/ShareErrorsFromSession->handle(Object(Illuminate/Http/Request), Object(Closure))
#22 C:/xampp/htdocs/Sultan-Jewelryy/vendor/laravel/framework/src/Illuminate/Session/Middleware/StartSession.php(120): Illuminate/Pipeline/Pipeline->Illuminate/Pipeline/{closure}(Object(Illuminate/Http/Request))
#23 C:/xampp/htdocs/Sultan-Jewelryy/vendor/laravel/framework/src/Illuminate/Session/Middleware/StartSession.php(63): Illuminate/Session/Middleware/StartSession->handleStatefulRequest(Object(Illuminate/Http/Request), Object(Illuminate/Session/Store), Object(Closure))
#24 C:/xampp/htdocs/Sultan-Jewelryy/vendor/laravel/framework/src/Illuminate/Pipeline/Pipeline.php(219): Illuminate/Session/Middleware/StartSession->handle(Object(Illuminate/Http/Request), Object(Closure))
#25 C:/xampp/htdocs/Sultan-Jewelryy/vendor/laravel/framework/src/Illuminate/Cookie/Middleware/AddQueuedCookiesToResponse.php(36): Illuminate/Pipeline/Pipeline->Illuminate/Pipeline/{closure}(Object(Illuminate/Http/Request))
#26 C:/xampp/htdocs/Sultan-Jewelryy/vendor/laravel/framework/src/Illuminate/Pipeline/Pipeline.php(219): Illuminate/Cookie/Middleware/AddQueuedCookiesToResponse->handle(Object(Illuminate/Http/Request), Object(Closure))
#27 C:/xampp/htdocs/Sultan-Jewelryy/vendor/laravel/framework/src/Illuminate/Cookie/Middleware/EncryptCookies.php(74): Illuminate/Pipeline/Pipeline->Illuminate/Pipeline/{closure}(Object(Illuminate/Http/Request))
#28 C:/xampp/htdocs/Sultan-Jewelryy/vendor/laravel/framework/src/Illuminate/Pipeline/Pipeline.php(219): Illuminate/Cookie/Middleware/EncryptCookies->handle(Object(Illuminate/Http/Request), Object(Closure))
#29 C:/xampp/htdocs/Sultan-Jewelryy/vendor/laravel/framework/src/Illuminate/Pipeline/Pipeline.php(137): Illuminate/Pipeline/Pipeline->Illuminate/Pipeline/{closure}(Object(Illuminate/Http/Request))
#30 C:/xampp/htdocs/Sultan-Jewelryy/vendor/laravel/framework/src/Illuminate/Routing/Router.php(821): Illuminate/Pipeline/Pipeline->then(Object(Closure))
#31 C:/xampp/htdocs/Sultan-Jewelryy/vendor/laravel/framework/src/Illuminate/Routing/Router.php(800): Illuminate/Routing/Router->runRouteWithinStack(Object(Illuminate/Routing/Route), Object(Illuminate/Http/Request))
#32 C:/xampp/htdocs/Sultan-Jewelryy/vendor/laravel/framework/src/Illuminate/Routing/Router.php(764): Illuminate/Routing/Router->runRoute(Object(Illuminate/Http/Request), Object(Illuminate/Routing/Route))
#33 C:/xampp/htdocs/Sultan-Jewelryy/vendor/laravel/framework/src/Illuminate/Routing/Router.php(753): Illuminate/Routing/Router->dispatchToRoute(Object(Illuminate/Http/Request))
#34 C:/xampp/htdocs/Sultan-Jewelryy/vendor/laravel/framework/src/Illuminate/Foundation/Http/Kernel.php(200): Illuminate/Routing/Router->dispatch(Object(Illuminate/Http/Request))
#35 C:/xampp/htdocs/Sultan-Jewelryy/vendor/laravel/framework/src/Illuminate/Pipeline/Pipeline.php(180): Illuminate/Foundation/Http/Kernel->Illuminate/Foundation/Http/{closure}(Object(Illuminate/Http/Request))
#36 C:/xampp/htdocs/Sultan-Jewelryy/vendor/laravel/framework/src/Illuminate/Foundation/Http/Middleware/TransformsRequest.php(21): Illuminate/Pipeline/Pipeline->Illuminate/Pipeline/{closure}(Object(Illuminate/Http/Request))
#37 C:/xampp/htdocs/Sultan-Jewelryy/vendor/laravel/framework/src/Illuminate/Foundation/Http/Middleware/ConvertEmptyStringsToNull.php(31): Illuminate/Foundation/Http/Middleware/TransformsRequest->handle(Object(Illuminate/Http/Request), Object(Closure))
#38 C:/xampp/htdocs/Sultan-Jewelryy/vendor/laravel/framework/src/Illuminate/Pipeline/Pipeline.php(219): Illuminate/Foundation/Http/Middleware/ConvertEmptyStringsToNull->handle(Object(Illuminate/Http/Request), Object(Closure))
#39 C:/xampp/htdocs/Sultan-Jewelryy/vendor/laravel/framework/src/Illuminate/Foundation/Http/Middleware/TransformsRequest.php(21): Illuminate/Pipeline/Pipeline->Illuminate/Pipeline/{closure}(Object(Illuminate/Http/Request))
#40 C:/xampp/htdocs/Sultan-Jewelryy/vendor/laravel/framework/src/Illuminate/Foundation/Http/Middleware/TrimStrings.php(51): Illuminate/Foundation/Http/Middleware/TransformsRequest->handle(Object(Illuminate/Http/Request), Object(Closure))
#41 C:/xampp/htdocs/Sultan-Jewelryy/vendor/laravel/framework/src/Illuminate/Pipeline/Pipeline.php(219): Illuminate/Foundation/Http/Middleware/TrimStrings->handle(Object(Illuminate/Http/Request), Object(Closure))
#42 C:/xampp/htdocs/Sultan-Jewelryy/vendor/laravel/framework/src/Illuminate/Http/Middleware/ValidatePostSize.php(27): Illuminate/Pipeline/Pipeline->Illuminate/Pipeline/{closure}(Object(Illuminate/Http/Request))
#43 C:/xampp/htdocs/Sultan-Jewelryy/vendor/laravel/framework/src/Illuminate/Pipeline/Pipeline.php(219): Illuminate/Http/Middleware/ValidatePostSize->handle(Object(Illuminate/Http/Request), Object(Closure))
#44 C:/xampp/htdocs/Sultan-Jewelryy/vendor/laravel/framework/src/Illuminate/Foundation/Http/Middleware/PreventRequestsDuringMaintenance.php(109): Illuminate/Pipeline/Pipeline->Illuminate/Pipeline/{closure}(Object(Illuminate/Http/Request))
#45 C:/xampp/htdocs/Sultan-Jewelryy/vendor/laravel/framework/src/Illuminate/Pipeline/Pipeline.php(219): Illuminate/Foundation/Http/Middleware/PreventRequestsDuringMaintenance->handle(Object(Illuminate/Http/Request), Object(Closure))
#46 C:/xampp/htdocs/Sultan-Jewelryy/vendor/laravel/framework/src/Illuminate/Http/Middleware/HandleCors.php(61): Illuminate/Pipeline/Pipeline->Illuminate/Pipeline/{closure}(Object(Illuminate/Http/Request))
#47 C:/xampp/htdocs/Sultan-Jewelryy/vendor/laravel/framework/src/Illuminate/Pipeline/Pipeline.php(219): Illuminate/Http/Middleware/HandleCors->handle(Object(Illuminate/Http/Request), Object(Closure))
#48 C:/xampp/htdocs/Sultan-Jewelryy/vendor/laravel/framework/src/Illuminate/Http/Middleware/TrustProxies.php(58): Illuminate/Pipeline/Pipeline->Illuminate/Pipeline/{closure}(Object(Illuminate/Http/Request))
#49 C:/xampp/htdocs/Sultan-Jewelryy/vendor/laravel/framework/src/Illuminate/Pipeline/Pipeline.php(219): Illuminate/Http/Middleware/TrustProxies->handle(Object(Illuminate/Http/Request), Object(Closure))
#50 C:/xampp/htdocs/Sultan-Jewelryy/vendor/laravel/framework/src/Illuminate/Foundation/Http/Middleware/InvokeDeferredCallbacks.php(22): Illuminate/Pipeline/Pipeline->Illuminate/Pipeline/{closure}(Object(Illuminate/Http/Request))
#51 C:/xampp/htdocs/Sultan-Jewelryy/vendor/laravel/framework/src/Illuminate/Pipeline/Pipeline.php(219): Illuminate/Foundation/Http/Middleware/InvokeDeferredCallbacks->handle(Object(Illuminate/Http/Request), Object(Closure))
#52 C:/xampp/htdocs/Sultan-Jewelryy/vendor/laravel/framework/src/Illuminate/Http/Middleware/ValidatePathEncoding.php(26): Illuminate/Pipeline/Pipeline->Illuminate/Pipeline/{closure}(Object(Illuminate/Http/Request))
#53 C:/xampp/htdocs/Sultan-Jewelryy/vendor/laravel/framework/src/Illuminate/Pipeline/Pipeline.php(219): Illuminate/Http/Middleware/ValidatePathEncoding->handle(Object(Illuminate/Http/Request), Object(Closure))
#54 C:/xampp/htdocs/Sultan-Jewelryy/vendor/laravel/framework/src/Illuminate/Pipeline/Pipeline.php(137): Illuminate/Pipeline/Pipeline->Illuminate/Pipeline/{closure}(Object(Illuminate/Http/Request))
#55 C:/xampp/htdocs/Sultan-Jewelryy/vendor/laravel/framework/src/Illuminate/Foundation/Http/Kernel.php(175): Illuminate/Pipeline/Pipeline->then(Object(Closure))
#56 C:/xampp/htdocs/Sultan-Jewelryy/vendor/laravel/framework/src/Illuminate/Foundation/Http/Kernel.php(144): Illuminate/Foundation/Http/Kernel->sendRequestThroughRouter(Object(Illuminate/Http/Request))
#57 C:/xampp/htdocs/Sultan-Jewelryy/vendor/laravel/framework/src/Illuminate/Foundation/Application.php(1220): Illuminate/Foundation/Http/Kernel->handle(Object(Illuminate/Http/Request))
#58 C:/xampp/htdocs/Sultan-Jewelryy/public/index.php(20): Illuminate/Foundation/Application->handleRequest(Object(Illuminate/Http/Request))
#59 C:/xampp/htdocs/Sultan-Jewelryy/vendor/laravel/framework/src/Illuminate/Foundation/resources/server.php(23): require_once('C://xampp//htdocs...')
#60 {main}
"} 
[2026-05-12 09:23:54] local.WARNING: MyFatoorah invoice still Pending after status polling {"payment_id":"07076758474350143072","attempts":14} 
[2026-05-12 09:25:33] local.WARNING: MyFatoorah invoice still Pending after status polling {"payment_id":"07076758488350144473","attempts":14} 
[2026-05-12 09:53:53] local.WARNING: MyFatoorah invoice still Pending after status polling {"payment_id":"07076758573350151573","attempts":14} 
[2026-05-12 09:56:59] local.WARNING: MyFatoorah invoice still Pending after status polling {"payment_id":"07076758573350151573","attempts":14} 
[2026-05-12 09:57:17] local.WARNING: MyFatoorah invoice still Pending after status polling {"payment_id":"07076758573350151573","attempts":14} 
[2026-05-12 09:57:37] local.WARNING: MyFatoorah invoice still Pending after status polling {"payment_id":"07076758573350151573","attempts":14} 
[2026-05-12 09:57:56] local.WARNING: MyFatoorah invoice still Pending after status polling {"payment_id":"07076758573350151573","attempts":14} 
[2026-05-12 09:58:12] local.WARNING: MyFatoorah invoice still Pending after status polling {"payment_id":"07076758573350151573","attempts":14} 
[2026-05-12 09:58:27] local.WARNING: MyFatoorah invoice still Pending after status polling {"payment_id":"07076758573350151573","attempts":14} 
[2026-05-12 10:36:07] local.WARNING: MyFatoorah invoice still Pending after status polling {"payment_id":"07076758793350168374","attempts":20,"invoice_status_raw":"Pending"} 
[2026-05-12 10:36:33] local.WARNING: MyFatoorah invoice still Pending after status polling {"payment_id":"07076758793350168374","attempts":20,"invoice_status_raw":"Pending"} 
[2026-05-12 10:37:02] local.WARNING: MyFatoorah invoice still Pending after status polling {"payment_id":"07076758793350168374","attempts":20,"invoice_status_raw":"Pending"} 
[2026-05-12 10:37:30] local.WARNING: MyFatoorah invoice still Pending after status polling {"payment_id":"07076758793350168374","attempts":20,"invoice_status_raw":"Pending"} 
[2026-05-12 10:37:59] local.WARNING: MyFatoorah invoice still Pending after status polling {"payment_id":"07076758793350168374","attempts":20,"invoice_status_raw":"Pending"} 
[2026-05-12 10:38:27] local.WARNING: MyFatoorah invoice still Pending after status polling {"payment_id":"07076758793350168374","attempts":20,"invoice_status_raw":"Pending"} 
[2026-05-12 10:38:56] local.WARNING: MyFatoorah invoice still Pending after status polling {"payment_id":"07076758793350168374","attempts":20,"invoice_status_raw":"Pending"} 
[2026-05-12 10:39:27] local.WARNING: MyFatoorah invoice still Pending after status polling {"payment_id":"07076758793350168374","attempts":20,"invoice_status_raw":"Pending"} 
[2026-05-12 10:40:08] local.WARNING: MyFatoorah invoice still Pending after status polling {"payment_id":"07076758793350168374","attempts":20,"invoice_status_raw":"Pending"} 
[2026-05-12 10:40:39] local.WARNING: MyFatoorah invoice still Pending after status polling {"payment_id":"07076758793350168374","attempts":20,"invoice_status_raw":"Pending"} 
[2026-05-12 10:41:08] local.WARNING: MyFatoorah invoice still Pending after status polling {"payment_id":"07076758793350168374","attempts":20,"invoice_status_raw":"Pending"} 
[2026-05-12 10:41:36] local.WARNING: MyFatoorah invoice still Pending after status polling {"payment_id":"07076758793350168374","attempts":20,"invoice_status_raw":"Pending"} 
[2026-05-12 10:42:07] local.WARNING: MyFatoorah invoice still Pending after status polling {"payment_id":"07076758793350168374","attempts":20,"invoice_status_raw":"Pending"} 
[2026-05-12 10:42:36] local.WARNING: MyFatoorah invoice still Pending after status polling {"payment_id":"07076758793350168374","attempts":20,"invoice_status_raw":"Pending"} 
[2026-05-12 10:43:04] local.WARNING: MyFatoorah invoice still Pending after status polling {"payment_id":"07076758793350168374","attempts":20,"invoice_status_raw":"Pending"} 
[2026-05-12 10:43:43] local.WARNING: MyFatoorah invoice still Pending after status polling {"payment_id":"07076758793350168374","attempts":20,"invoice_status_raw":"Pending"} 
[2026-05-12 10:44:12] local.WARNING: MyFatoorah invoice still Pending after status polling {"payment_id":"07076758793350168374","attempts":20,"invoice_status_raw":"Pending"} 
[2026-05-12 10:44:41] local.WARNING: MyFatoorah invoice still Pending after status polling {"payment_id":"07076758793350168374","attempts":20,"invoice_status_raw":"Pending"} 
